[ofertasreligiosa.com/index.html]
[backblue.gif]
[fade.gif]
[index.html]
[cdnjs.cloudflare.com/ajax/libs/font-awesome/6.4.0/css/all.min.css]
[cdn.utmify.com.br/scripts/utms/latest.js]
[cdn.utmify.com.br/scripts/pixel/pixel.js]
[i.ibb.co/j9cnTYGW/2.png]
[i.ibb.co/ymFZXvvZ/1-Capa.png]
[i.ibb.co/0ppB27W1/2.png]
[i.ibb.co/vx1ZwF1P/1-CAPA.png]
[i.ibb.co/zV9P94DN/1.jpg]
[i.ibb.co/rGncvKH4/Captura-de-Tela-2025-06-26-a-s-09-43-48.png]
[i.ibb.co/FbvzCFn4/Captura-de-Tela-2025-06-26-a-s-09-46-01.png]
[i.ibb.co/PZT9fgdb/Captura-de-Tela-2025-06-26-a-s-09-47-56.png]
[i.ibb.co/gMbmYVN3/Captura-de-Tela-2025-06-26-a-s-09-49-07.png]
[i.ibb.co/tMPkF74h/tita-HC-capajesusquad21x21-01b.jpg]
[i.ibb.co/WW3qKWjb/5-20250305_151831-0004.png]
[i.ibb.co/yBy9qVP5/01-CAPA-COM-BORDA.png]
[i.ibb.co/G1XJd9G/CAPA-1.png]
[i.ibb.co/8LyDTgw7/CAPA-2.png]
[i.ibb.co/TMq5zQJd/CAPA.png]
[i.ibb.co/d4kN2D3G/CAPA.png]
[i.ibb.co/Rk9NJPbb/CAPA.png]
[ofertasreligiosa.com/script.js]
[ofertasreligiosa.com/index.html]
[cdnjs.cloudflare.com/ajax/libs/font-awesome/6.4.0/css/all.min.css]
[ofertasreligiosa.com/styles.css]
